@@ layer 2 · platform-wide · platform team @@
  + common: true
@@ layer 5 · cluster · platform team @@
  ~ backend.replicas: 1 -> 2
@@ layer 6 · infra contract · Pulumi (machine) @@
  + backend.image.registry: ecr.example
@@ layer 7 · promoted versions · Kargo (machine) @@
  ~ backend.image.tag: dev -> prod
